// Jest Snapshot v1, https://goo.gl/fbAQLP

exports[`should return ListItem 1`] = `
<div>
  <Link
    to="/edit/2"
  >
    <h3>
      item 2
    </h3>
  </Link>
  <p>
    5067000
     - 
    -345600000
  </p>
</div>
`;
