// Jest Snapshot v1, https://goo.gl/fbAQLP

exports[`should return page not found 1`] = `
<div>
  Page Not Found 404 -
  <[object Object]
    to="/"
  >
    Go Home
  </[object Object]>
</div>
`;
